Category: 🌊港·澳·台, Name: 翡翠台, Total: 9, Valid: 0, Valid Percent: 0.00%, IPv4: 9, IPv6: 0, Min Delay: -1 ms, Max Speed: 0.00 M/s, Avg Speed: 0.00 M/s, Max Resolution: 1920x1080
Category: 🌊港·澳·台, Name: 明珠台, Total: 2, Valid: 1, Valid Percent: 50.00%, IPv4: 2, IPv6: 0, Min Delay: 5747 ms, Max Speed: 0.07 M/s, Avg Speed: 0.07 M/s, Max Resolution: 1920x1080
Category: 🌊港·澳·台, Name: 凤凰中文, Total: 14, Valid: 4, Valid Percent: 28.57%, IPv4: 14, IPv6: 0, Min Delay: 513 ms, Max Speed: 0.21 M/s, Avg Speed: 0.10 M/s, Max Resolution: 1920x1080
Category: 🌊港·澳·台, Name: 香港卫视, Total: 6, Valid: 0, Valid Percent: 0.00%, IPv4: 6, IPv6: 0, Min Delay: -1 ms, Max Speed: 0.00 M/s, Avg Speed: 0.00 M/s, Max Resolution: None
Category: 🌊港·澳·台, Name: 凤凰资讯, Total: 7, Valid: 2, Valid Percent: 28.57%, IPv4: 7, IPv6: 0, Min Delay: 501 ms, Max Speed: 0.16 M/s, Avg Speed: 0.15 M/s, Max Resolution: 1920x1080
Category: 🌊港·澳·台, Name: 纬来体育, Total: 1, Valid: 0, Valid Percent: 0.00%, IPv4: 1, IPv6: 0, Min Delay: -1 ms, Max Speed: 0.00 M/s, Avg Speed: 0.00 M/s, Max Resolution: None
Category: 🌊港·澳·台, Name: 三立新闻, Total: 1, Valid: 0, Valid Percent: 0.00%, IPv4: 1, IPv6: 0, Min Delay: -1 ms, Max Speed: 0.00 M/s, Avg Speed: 0.00 M/s, Max Resolution: None
Category: 🌊港·澳·台, Name: 东森综合, Total: 1, Valid: 0, Valid Percent: 0.00%, IPv4: 1, IPv6: 0, Min Delay: -1 ms, Max Speed: 0.00 M/s, Avg Speed: 0.00 M/s, Max Resolution: None
Category: 🌊港·澳·台, Name: 星卫娱乐, Total: 1, Valid: 0, Valid Percent: 0.00%, IPv4: 1, IPv6: 0, Min Delay: -1 ms, Max Speed: 0.00 M/s, Avg Speed: 0.00 M/s, Max Resolution: None
Category: 🌊港·澳·台, Name: 东森超视, Total: 1, Valid: 1, Valid Percent: 100.00%, IPv4: 1, IPv6: 0, Min Delay: 1434 ms, Max Speed: 0.87 M/s, Avg Speed: 0.87 M/s, Max Resolution: 1920x1080
Category: 🌊港·澳·台, Name: 靖天资讯, Total: 3, Valid: 0, Valid Percent: 0.00%, IPv4: 3, IPv6: 0, Min Delay: -1 ms, Max Speed: 0.00 M/s, Avg Speed: 0.00 M/s, Max Resolution: None
Category: 🌊港·澳·台, Name: 东森电影, Total: 2, Valid: 0, Valid Percent: 0.00%, IPv4: 2, IPv6: 0, Min Delay: -1 ms, Max Speed: 0.00 M/s, Avg Speed: 0.00 M/s, Max Resolution: None
Category: 🌊港·澳·台, Name: 纬来育乐, Total: 4, Valid: 0, Valid Percent: 0.00%, IPv4: 4, IPv6: 0, Min Delay: 5005 ms, Max Speed: 0.00 M/s, Avg Speed: 0.00 M/s, Max Resolution: None
Category: 🌊港·澳·台, Name: 凤凰香港, Total: 4, Valid: 1, Valid Percent: 25.00%, IPv4: 4, IPv6: 0, Min Delay: 510 ms, Max Speed: 0.13 M/s, Avg Speed: 0.13 M/s, Max Resolution: 1280x720
Category: 🌊港·澳·台, Name: TVBS亚洲, Total: 5, Valid: 4, Valid Percent: 80.00%, IPv4: 5, IPv6: 0, Min Delay: 2100 ms, Max Speed: 0.62 M/s, Avg Speed: 0.53 M/s, Max Resolution: 1920x1080
Category: ☘️广东频道, Name: 广东珠江, Total: 11, Valid: 9, Valid Percent: 81.82%, IPv4: 11, IPv6: 0, Min Delay: 428 ms, Max Speed: 6.64 M/s, Avg Speed: 3.49 M/s, Max Resolution: 1920x1080
Category: ☘️广东频道, Name: 广东体育, Total: 11, Valid: 7, Valid Percent: 63.64%, IPv4: 11, IPv6: 0, Min Delay: 379 ms, Max Speed: 3.46 M/s, Avg Speed: 0.64 M/s, Max Resolution: 1920x1080
Category: ☘️广东频道, Name: 广东新闻, Total: 6, Valid: 3, Valid Percent: 50.00%, IPv4: 6, IPv6: 0, Min Delay: 357 ms, Max Speed: 2.39 M/s, Avg Speed: 2.35 M/s, Max Resolution: 1280x720
Category: ☘️广东频道, Name: 广东民生, Total: 3, Valid: 1, Valid Percent: 33.33%, IPv4: 3, IPv6: 0, Min Delay: 5156 ms, Max Speed: 0.03 M/s, Avg Speed: 0.03 M/s, Max Resolution: 1920x1080
Category: ☘️广东频道, Name: 广东卫视, Total: 41, Valid: 18, Valid Percent: 43.90%, IPv4: 41, IPv6: 0, Min Delay: 527 ms, Max Speed: 7.51 M/s, Avg Speed: 1.48 M/s, Max Resolution: 1920x1080
Category: ☘️广东频道, Name: 大湾区卫视, Total: 11, Valid: 7, Valid Percent: 63.64%, IPv4: 11, IPv6: 0, Min Delay: 1058 ms, Max Speed: 6.73 M/s, Avg Speed: 2.53 M/s, Max Resolution: 1920x1080
Category: ☘️广东频道, Name: 广州影视, Total: 1, Valid: 0, Valid Percent: 0.00%, IPv4: 1, IPv6: 0, Min Delay: -1 ms, Max Speed: 0.00 M/s, Avg Speed: 0.00 M/s, Max Resolution: None
Category: ☘️广东频道, Name: 深圳卫视, Total: 35, Valid: 24, Valid Percent: 68.57%, IPv4: 35, IPv6: 0, Min Delay: 521 ms, Max Speed: 7.57 M/s, Avg Speed: 1.22 M/s, Max Resolution: 1920x1080
Category: 📺央视频道, Name: CCTV-1, Total: 55, Valid: 23, Valid Percent: 41.82%, IPv4: 55, IPv6: 0, Min Delay: 424 ms, Max Speed: 4.60 M/s, Avg Speed: 0.85 M/s, Max Resolution: 1920x1080
Category: 📺央视频道, Name: CCTV-2, Total: 53, Valid: 26, Valid Percent: 49.06%, IPv4: 53, IPv6: 0, Min Delay: 471 ms, Max Speed: 7.43 M/s, Avg Speed: 0.93 M/s, Max Resolution: 1920x1080
Category: 📺央视频道, Name: CCTV-3, Total: 52, Valid: 23, Valid Percent: 44.23%, IPv4: 52, IPv6: 0, Min Delay: 603 ms, Max Speed: 7.12 M/s, Avg Speed: 0.53 M/s, Max Resolution: 1920x1080
Category: 📺央视频道, Name: CCTV-4, Total: 58, Valid: 24, Valid Percent: 41.38%, IPv4: 58, IPv6: 0, Min Delay: 355 ms, Max Speed: 8.08 M/s, Avg Speed: 0.93 M/s, Max Resolution: 1920x1080
Category: 📺央视频道, Name: CCTV-5, Total: 56, Valid: 26, Valid Percent: 46.43%, IPv4: 56, IPv6: 0, Min Delay: 523 ms, Max Speed: 7.10 M/s, Avg Speed: 0.54 M/s, Max Resolution: 1920x1080
Category: 📺央视频道, Name: CCTV-5+, Total: 28, Valid: 11, Valid Percent: 39.29%, IPv4: 28, IPv6: 0, Min Delay: 1014 ms, Max Speed: 0.81 M/s, Avg Speed: 0.26 M/s, Max Resolution: 1920x1080
Category: 📺央视频道, Name: CCTV-6, Total: 51, Valid: 24, Valid Percent: 47.06%, IPv4: 51, IPv6: 0, Min Delay: 211 ms, Max Speed: 1.20 M/s, Avg Speed: 0.38 M/s, Max Resolution: 1920x1080
Category: 📺央视频道, Name: CCTV-7, Total: 41, Valid: 17, Valid Percent: 41.46%, IPv4: 41, IPv6: 0, Min Delay: 382 ms, Max Speed: 7.51 M/s, Avg Speed: 0.87 M/s, Max Resolution: 1920x1080
Category: 📺央视频道, Name: CCTV-8, Total: 50, Valid: 25, Valid Percent: 50.00%, IPv4: 50, IPv6: 0, Min Delay: 461 ms, Max Speed: 8.95 M/s, Avg Speed: 1.19 M/s, Max Resolution: 1920x1080
Category: 📺央视频道, Name: CCTV-9, Total: 46, Valid: 20, Valid Percent: 43.48%, IPv4: 46, IPv6: 0, Min Delay: 423 ms, Max Speed: 3.94 M/s, Avg Speed: 0.44 M/s, Max Resolution: 1920x1080
Category: 📺央视频道, Name: CCTV-10, Total: 55, Valid: 28, Valid Percent: 50.91%, IPv4: 55, IPv6: 0, Min Delay: 342 ms, Max Speed: 7.98 M/s, Avg Speed: 0.73 M/s, Max Resolution: 1920x1080
Category: 📺央视频道, Name: CCTV-11, Total: 44, Valid: 19, Valid Percent: 43.18%, IPv4: 44, IPv6: 0, Min Delay: 424 ms, Max Speed: 8.08 M/s, Avg Speed: 1.26 M/s, Max Resolution: 1920x1080
Category: 📺央视频道, Name: CCTV-12, Total: 41, Valid: 20, Valid Percent: 48.78%, IPv4: 41, IPv6: 0, Min Delay: 377 ms, Max Speed: 2.59 M/s, Avg Speed: 0.50 M/s, Max Resolution: 1920x1080
Category: 📺央视频道, Name: CCTV-13, Total: 42, Valid: 19, Valid Percent: 45.24%, IPv4: 42, IPv6: 0, Min Delay: 420 ms, Max Speed: 7.79 M/s, Avg Speed: 1.56 M/s, Max Resolution: 1920x1080
Category: 📺央视频道, Name: CCTV-14, Total: 42, Valid: 19, Valid Percent: 45.24%, IPv4: 42, IPv6: 0, Min Delay: 481 ms, Max Speed: 5.41 M/s, Avg Speed: 1.02 M/s, Max Resolution: 1920x1080
Category: 📺央视频道, Name: CCTV-15, Total: 47, Valid: 20, Valid Percent: 42.55%, IPv4: 47, IPv6: 0, Min Delay: 347 ms, Max Speed: 4.17 M/s, Avg Speed: 0.94 M/s, Max Resolution: 1920x1080
Category: 📺央视频道, Name: CCTV-16, Total: 21, Valid: 12, Valid Percent: 57.14%, IPv4: 21, IPv6: 0, Min Delay: 464 ms, Max Speed: 5.95 M/s, Avg Speed: 1.21 M/s, Max Resolution: 1920x1080
Category: 📺央视频道, Name: CCTV-17, Total: 35, Valid: 18, Valid Percent: 51.43%, IPv4: 35, IPv6: 0, Min Delay: 47 ms, Max Speed: 103.80 M/s, Avg Speed: 10.11 M/s, Max Resolution: 1920x1080
Category: 📺央视频道, Name: CETV-1, Total: 52, Valid: 7, Valid Percent: 13.46%, IPv4: 52, IPv6: 0, Min Delay: 517 ms, Max Speed: 9.71 M/s, Avg Speed: 4.46 M/s, Max Resolution: 1920x1080
Category: 📺央视频道, Name: CETV-2, Total: 34, Valid: 3, Valid Percent: 8.82%, IPv4: 34, IPv6: 0, Min Delay: 608 ms, Max Speed: 8.49 M/s, Avg Speed: 5.78 M/s, Max Resolution: 720x576
Category: 📺央视频道, Name: CETV-3, Total: 5, Valid: 3, Valid Percent: 60.00%, IPv4: 5, IPv6: 0, Min Delay: 472 ms, Max Speed: 5.51 M/s, Avg Speed: 3.86 M/s, Max Resolution: 1280x720
Category: 📺央视频道, Name: CETV-4, Total: 40, Valid: 2, Valid Percent: 5.00%, IPv4: 40, IPv6: 0, Min Delay: 592 ms, Max Speed: 9.08 M/s, Avg Speed: 8.39 M/s, Max Resolution: 720x576
Category: 📡卫视频道, Name: 浙江卫视, Total: 40, Valid: 21, Valid Percent: 52.50%, IPv4: 40, IPv6: 0, Min Delay: 338 ms, Max Speed: 14.11 M/s, Avg Speed: 3.22 M/s, Max Resolution: 1920x1080
Category: 📡卫视频道, Name: 湖南卫视, Total: 50, Valid: 26, Valid Percent: 52.00%, IPv4: 50, IPv6: 0, Min Delay: 18 ms, Max Speed: 8.05 M/s, Avg Speed: 2.05 M/s, Max Resolution: 3840x2160
Category: 📡卫视频道, Name: 北京卫视, Total: 42, Valid: 16, Valid Percent: 38.10%, IPv4: 42, IPv6: 0, Min Delay: 18 ms, Max Speed: 7.96 M/s, Avg Speed: 1.56 M/s, Max Resolution: 1920x1080
Category: 📡卫视频道, Name: 湖北卫视, Total: 39, Valid: 17, Valid Percent: 43.59%, IPv4: 39, IPv6: 0, Min Delay: 520 ms, Max Speed: 7.87 M/s, Avg Speed: 1.09 M/s, Max Resolution: 1920x1080
Category: 📡卫视频道, Name: 黑龙江卫视, Total: 30, Valid: 13, Valid Percent: 43.33%, IPv4: 30, IPv6: 0, Min Delay: 367 ms, Max Speed: 7.07 M/s, Avg Speed: 0.82 M/s, Max Resolution: 1920x1080
Category: 📡卫视频道, Name: 安徽卫视, Total: 36, Valid: 17, Valid Percent: 47.22%, IPv4: 36, IPv6: 0, Min Delay: 490 ms, Max Speed: 7.32 M/s, Avg Speed: 0.64 M/s, Max Resolution: 1920x1080
Category: 📡卫视频道, Name: 重庆卫视, Total: 36, Valid: 15, Valid Percent: 41.67%, IPv4: 36, IPv6: 0, Min Delay: 514 ms, Max Speed: 5.91 M/s, Avg Speed: 0.56 M/s, Max Resolution: 1920x1080
Category: 📡卫视频道, Name: 东方卫视, Total: 39, Valid: 17, Valid Percent: 43.59%, IPv4: 39, IPv6: 0, Min Delay: 471 ms, Max Speed: 7.62 M/s, Avg Speed: 2.60 M/s, Max Resolution: 1920x1080
Category: 📡卫视频道, Name: 东南卫视, Total: 30, Valid: 14, Valid Percent: 46.67%, IPv4: 30, IPv6: 0, Min Delay: 494 ms, Max Speed: 3.64 M/s, Avg Speed: 0.49 M/s, Max Resolution: 1920x1080
Category: 📡卫视频道, Name: 甘肃卫视, Total: 20, Valid: 8, Valid Percent: 40.00%, IPv4: 20, IPv6: 0, Min Delay: 514 ms, Max Speed: 9.08 M/s, Avg Speed: 3.45 M/s, Max Resolution: 1920x1080
Category: 📡卫视频道, Name: 广西卫视, Total: 29, Valid: 11, Valid Percent: 37.93%, IPv4: 29, IPv6: 0, Min Delay: 351 ms, Max Speed: 5.22 M/s, Avg Speed: 0.74 M/s, Max Resolution: 1920x1080
Category: 📡卫视频道, Name: 贵州卫视, Total: 36, Valid: 17, Valid Percent: 47.22%, IPv4: 36, IPv6: 0, Min Delay: 47 ms, Max Speed: 106.66 M/s, Avg Speed: 8.23 M/s, Max Resolution: 1920x1080
Category: 📡卫视频道, Name: 海南卫视, Total: 16, Valid: 4, Valid Percent: 25.00%, IPv4: 16, IPv6: 0, Min Delay: 1030 ms, Max Speed: 0.50 M/s, Avg Speed: 0.25 M/s, Max Resolution: 1920x1080
Category: 📡卫视频道, Name: 河北卫视, Total: 33, Valid: 14, Valid Percent: 42.42%, IPv4: 33, IPv6: 0, Min Delay: 503 ms, Max Speed: 5.23 M/s, Avg Speed: 0.53 M/s, Max Resolution: 1920x1080
Category: 📡卫视频道, Name: 河南卫视, Total: 36, Valid: 11, Valid Percent: 30.56%, IPv4: 36, IPv6: 0, Min Delay: 316 ms, Max Speed: 4.51 M/s, Avg Speed: 0.65 M/s, Max Resolution: 1920x1080
Category: 📡卫视频道, Name: 吉林卫视, Total: 32, Valid: 15, Valid Percent: 46.88%, IPv4: 32, IPv6: 0, Min Delay: 523 ms, Max Speed: 7.93 M/s, Avg Speed: 0.65 M/s, Max Resolution: 1920x1080
Category: 📡卫视频道, Name: 江苏卫视, Total: 43, Valid: 21, Valid Percent: 48.84%, IPv4: 43, IPv6: 0, Min Delay: 501 ms, Max Speed: 8.70 M/s, Avg Speed: 2.43 M/s, Max Resolution: 1920x1080
Category: 📡卫视频道, Name: 江西卫视, Total: 37, Valid: 13, Valid Percent: 35.14%, IPv4: 37, IPv6: 0, Min Delay: 53 ms, Max Speed: 104.76 M/s, Avg Speed: 10.12 M/s, Max Resolution: 1920x1080
Category: 📡卫视频道, Name: 辽宁卫视, Total: 35, Valid: 14, Valid Percent: 40.00%, IPv4: 35, IPv6: 0, Min Delay: 495 ms, Max Speed: 8.18 M/s, Avg Speed: 3.15 M/s, Max Resolution: 1920x1080
Category: 📡卫视频道, Name: 内蒙古卫视, Total: 17, Valid: 8, Valid Percent: 47.06%, IPv4: 17, IPv6: 0, Min Delay: 50 ms, Max Speed: 107.82 M/s, Avg Speed: 27.64 M/s, Max Resolution: 1920x1080
Category: 📡卫视频道, Name: 宁夏卫视, Total: 22, Valid: 9, Valid Percent: 40.91%, IPv4: 22, IPv6: 0, Min Delay: 47 ms, Max Speed: 103.15 M/s, Avg Speed: 34.90 M/s, Max Resolution: 1920x1080
Category: 📡卫视频道, Name: 青海卫视, Total: 23, Valid: 8, Valid Percent: 34.78%, IPv4: 23, IPv6: 0, Min Delay: 837 ms, Max Speed: 5.86 M/s, Avg Speed: 1.78 M/s, Max Resolution: 1920x1080
Category: 📡卫视频道, Name: 山东卫视, Total: 35, Valid: 20, Valid Percent: 57.14%, IPv4: 35, IPv6: 0, Min Delay: 511 ms, Max Speed: 7.35 M/s, Avg Speed: 0.64 M/s, Max Resolution: 1920x1080
Category: 📡卫视频道, Name: 山西卫视, Total: 30, Valid: 13, Valid Percent: 43.33%, IPv4: 30, IPv6: 0, Min Delay: 61 ms, Max Speed: 85.20 M/s, Avg Speed: 13.00 M/s, Max Resolution: 1920x1080
Category: 📡卫视频道, Name: 陕西卫视, Total: 27, Valid: 8, Valid Percent: 29.63%, IPv4: 27, IPv6: 0, Min Delay: 48 ms, Max Speed: 113.66 M/s, Avg Speed: 16.40 M/s, Max Resolution: 1920x1080
Category: 📡卫视频道, Name: 四川卫视, Total: 45, Valid: 18, Valid Percent: 40.00%, IPv4: 45, IPv6: 0, Min Delay: 45 ms, Max Speed: 119.25 M/s, Avg Speed: 12.82 M/s, Max Resolution: 1920x1080
Category: 📡卫视频道, Name: 三沙卫视, Total: 11, Valid: 6, Valid Percent: 54.55%, IPv4: 11, IPv6: 0, Min Delay: 456 ms, Max Speed: 6.56 M/s, Avg Speed: 1.31 M/s, Max Resolution: 1920x1080
Category: 📡卫视频道, Name: 天津卫视, Total: 30, Valid: 16, Valid Percent: 53.33%, IPv4: 30, IPv6: 0, Min Delay: 516 ms, Max Speed: 6.51 M/s, Avg Speed: 0.58 M/s, Max Resolution: 1920x1080
Category: 📡卫视频道, Name: 西藏卫视, Total: 14, Valid: 6, Valid Percent: 42.86%, IPv4: 14, IPv6: 0, Min Delay: 39 ms, Max Speed: 127.50 M/s, Avg Speed: 23.63 M/s, Max Resolution: 1920x1080
Category: 📡卫视频道, Name: 新疆卫视, Total: 19, Valid: 10, Valid Percent: 52.63%, IPv4: 19, IPv6: 0, Min Delay: 49 ms, Max Speed: 74.13 M/s, Avg Speed: 9.48 M/s, Max Resolution: 1920x1080
Category: 🏀体育频道, Name: 劲爆体育, Total: 2, Valid: 0, Valid Percent: 0.00%, IPv4: 2, IPv6: 0, Min Delay: -1 ms, Max Speed: 0.00 M/s, Avg Speed: 0.00 M/s, Max Resolution: None
Category: 🏀体育频道, Name: 天津体育, Total: 2, Valid: 1, Valid Percent: 50.00%, IPv4: 2, IPv6: 0, Min Delay: 1085 ms, Max Speed: 0.50 M/s, Avg Speed: 0.50 M/s, Max Resolution: 1280x720
Category: 🏀体育频道, Name: 辽宁体育, Total: 1, Valid: 1, Valid Percent: 100.00%, IPv4: 1, IPv6: 0, Min Delay: 5560 ms, Max Speed: 0.04 M/s, Avg Speed: 0.04 M/s, Max Resolution: 1920x1080
Category: 🏀体育频道, Name: 睛彩篮球, Total: 2, Valid: 0, Valid Percent: 0.00%, IPv4: 2, IPv6: 0, Min Delay: -1 ms, Max Speed: 0.00 M/s, Avg Speed: 0.00 M/s, Max Resolution: None
Category: 📡卫视频道, Name: 云南卫视, Total: 32, Valid: 15, Valid Percent: 46.88%, IPv4: 32, IPv6: 0, Min Delay: 71 ms, Max Speed: 72.95 M/s, Avg Speed: 6.09 M/s, Max Resolution: 1920x1080
Category: 🏀体育频道, Name: 魅力足球, Total: 1, Valid: 0, Valid Percent: 0.00%, IPv4: 1, IPv6: 0, Min Delay: -1 ms, Max Speed: 0.00 M/s, Avg Speed: 0.00 M/s, Max Resolution: None
Category: 🏀体育频道, Name: 天元围棋, Total: 2, Valid: 2, Valid Percent: 100.00%, IPv4: 2, IPv6: 0, Min Delay: 545 ms, Max Speed: 7.37 M/s, Avg Speed: 7.20 M/s, Max Resolution: 1920x1080
Category: 🏀体育频道, Name: 五星体育, Total: 5, Valid: 1, Valid Percent: 20.00%, IPv4: 5, IPv6: 0, Min Delay: 1030 ms, Max Speed: 0.21 M/s, Avg Speed: 0.21 M/s, Max Resolution: 1920x1080
Category: 🏀体育频道, Name: 风云足球, Total: 5, Valid: 4, Valid Percent: 80.00%, IPv4: 5, IPv6: 0, Min Delay: 1446 ms, Max Speed: 4.78 M/s, Avg Speed: 1.85 M/s, Max Resolution: 1920x1080
Category: 🏀体育频道, Name: 体育赛事, Total: 1, Valid: 0, Valid Percent: 0.00%, IPv4: 1, IPv6: 0, Min Delay: -1 ms, Max Speed: 0.00 M/s, Avg Speed: 0.00 M/s, Max Resolution: None
Category: 🏀体育频道, Name: 山东体育, Total: 3, Valid: 1, Valid Percent: 33.33%, IPv4: 3, IPv6: 0, Min Delay: 5060 ms, Max Speed: 0.04 M/s, Avg Speed: 0.04 M/s, Max Resolution: None
Category: 🏀体育频道, Name: 安徽综艺体育, Total: 1, Valid: 0, Valid Percent: 0.00%, IPv4: 1, IPv6: 0, Min Delay: -1 ms, Max Speed: 0.00 M/s, Avg Speed: 0.00 M/s, Max Resolution: None
Category: 🏀体育频道, Name: 睛彩广场舞, Total: 4, Valid: 0, Valid Percent: 0.00%, IPv4: 4, IPv6: 0, Min Delay: -1 ms, Max Speed: 0.00 M/s, Avg Speed: 0.00 M/s, Max Resolution: None
Category: 🏀体育频道, Name: 快乐垂钓, Total: 5, Valid: 1, Valid Percent: 20.00%, IPv4: 5, IPv6: 0, Min Delay: 509 ms, Max Speed: 0.06 M/s, Avg Speed: 0.06 M/s, Max Resolution: 1920x1080
Category: 🏀体育频道, Name: JJ斗地主, Total: 10, Valid: 0, Valid Percent: 0.00%, IPv4: 10, IPv6: 0, Min Delay: -1 ms, Max Speed: 0.00 M/s, Avg Speed: 0.00 M/s, Max Resolution: None
